// Jest Snapshot v1, https://goo.gl/fbAQLP

exports[`image component makes a successful api call and returns characters 1`] = `
<DeckOfCards
  props={Array []}
/>
`;
