// Jest Snapshot v1, https://goo.gl/fbAQLP

exports[`Deck component renders Deck 1`] = `
<Fragment>
  <header>
    <h2 />
  </header>
  <ul>
    <Card
      _id="5da237699734fdcb7bef8f51"
      image="https://vignette.wikia.nocookie.net/heyarnold/images/f/f5/Arnold.png/revision/latest?cb=20181027162333"
      key="5da237699734fdcb7bef8f51"
      name="Arnold Shortman"
    />
  </ul>
</Fragment>
`;
