// Jest Snapshot v1, https://goo.gl/fbAQLP

exports[`DeckOfCards component renders DeckOfCards 1`] = `
<Fragment>
  <Deck
    title="Characters"
  />
  <Deck
    title="Gifs"
  />
</Fragment>
`;
